---
source: external-crates/move/crates/move-transactional-test-runner/src/framework.rs
---
processed 6 tasks

init:
A: object(0,0)

task 1, line 8:
//# publish-dependencies --paths crates/iota-adapter-transactional-tests/data/account_abstraction/simple_abstract_account.move
Output for 'crates/iota-adapter-transactional-tests/data/account_abstraction/simple_abstract_account.move':
created: object(2,0)
mutated: object(0,1)
gas summary: computation_cost: 1000000, computation_cost_burned: 1000000, storage_cost: 9971200,  storage_rebate: 0, non_refundable_storage_fee: 0

task 2, lines 10-16:
//# publish --sender A --dependencies simple_abstract_account
created: object(3,0), object(3,1)
mutated: object(0,0)
gas summary: computation_cost: 1000000, computation_cost_burned: 1000000, storage_cost: 8694400,  storage_rebate: 0, non_refundable_storage_fee: 0

task 3, line 18:
//# init-abstract-account --sender A --package-metadata object(3,1) --inputs "authenticate" "authenticate" --create-function simple_abstract_account::abstract_account::create --account-type simple_abstract_account::abstract_account::AbstractAccount
events: Event { package_id: simple_abstract_account, transaction_module: Identifier("abstract_account"), sender: A, type_: StructTag { address: iota, module: Identifier("account"), name: Identifier("MutableAccountCreated"), type_params: [Struct(StructTag { address: simple_abstract_account, module: Identifier("abstract_account"), name: Identifier("AbstractAccount"), type_params: [] })] }, contents: [30, 14, 67, 118, 11, 92, 102, 11, 239, 78, 77, 214, 67, 10, 205, 181, 36, 33, 190, 149, 148, 225, 179, 198, 215, 89, 26, 58, 140, 199, 65, 139, 84, 68, 14, 208, 67, 101, 113, 89, 203, 61, 49, 48, 19, 65, 107, 184, 162, 72, 58, 252, 136, 15, 27, 175, 192, 187, 125, 19, 252, 32, 102, 92, 12, 97, 117, 116, 104, 101, 110, 116, 105, 99, 97, 116, 101, 12, 97, 117, 116, 104, 101, 110, 116, 105, 99, 97, 116, 101] }
created: object(4,0), object(4,1), object(4,2)
mutated: object(0,0)
gas summary: computation_cost: 1000000, computation_cost_burned: 1000000, storage_cost: 6847600,  storage_rebate: 980400, non_refundable_storage_fee: 0

task 4, line 20:
//# view-object 4,2
Owner: Shared( 3 )
Version: 3
Contents: simple_abstract_account::abstract_account::AbstractAccount {
    id: iota::object::UID {
        id: iota::object::ID {
            bytes: fake(4,2),
        },
    },
}

task 5, lines 22-23:
//# abstract --account object(4,2) --ptb-inputs 100 @A
Error: Error checking transaction input objects: Feature is not supported: MoveAuthenticatorV1 cannot authenticate mutable shared objects
